admin01 | harvest | Admin One |555-1212|333|555-2121|harvest@ca.com| CM Administrator
admin02 | harvest | Admin Two |555-1212|333|555-2121|harvest@ca.com| CM Administrator
admin03 | harvest | Admin Three |555-1212|333|555-2121|harvest@ca.com| CM Administrator
admin04 | harvest | Admin Four |555-1212|333|555-2121|harvest@ca.com| CM Administrator
admin05 | harvest | Admin Five |555-1212|333|555-2121|harvest@ca.com| CM Administrator
admin06 | harvest | Admin Six |555-1212|333|555-2121|harvest@ca.com| CM Administrator
admin07 | harvest | Admin Seven |555-1212|333|555-2121|harvest@ca.com| CM Administrator
admin08 | harvest | Admin Eight |555-1212|333|555-2121|harvest@ca.com| CM Administrator
admin09 | harvest | Admin Nine |555-1212|333|555-2121|harvest@ca.com| CM Administrator
admin10 | harvest | Admin Ten |555-1212|333|555-2121|harvest@ca.com| CM Administrator
admin11 | harvest | Admin Eleven |555-1212|333|555-2121|harvest@ca.com| CM Administrator
admin12 | harvest | Admin Twelve |555-1212|333|555-2121|harvest@ca.com| CM Administrator
admin13 | harvest | Admin Thirteen |555-1212|333|555-2121|harvest@ca.com| CM Administrator
admin14 | harvest | Admin Fourteen |555-1212|333|555-2121|harvest@ca.com| CM Administrator
admin15 | harvest | Admin Fifteen |555-1212|333|555-2121|harvest@ca.com| CM Administrator
admin16 | harvest | Admin Sixteen |555-1212|333|555-2121|harvest@ca.com| CM Administrator